
Memory Configuration

Name             Origin             Length             Attributes
Mem              0x00000000         0x04000000         xrw
*default*        0x00000000         0xffffffff

Linker script and memory map

                0x00010000                . = 0x10000

.startup
 startup.o(text)

.text           0x00000000       0x80
 *(.text)
 .text          0x00000000       0x10 startup.o
                0x00000000                reset
 .text          0x00000010       0x20 main.o
                0x00000010                main
 .text          0x00000030       0x50 uart.o
                0x00000030                Uart_Send_string

.glue_7         0x00000080        0x0
 .glue_7        0x00000000        0x0 linker stubs

.glue_7t        0x00000080        0x0
 .glue_7t       0x00000000        0x0 linker stubs

.vfp11_veneer   0x00000080        0x0
 .vfp11_veneer  0x00000000        0x0 linker stubs

.v4_bx          0x00000080        0x0
 .v4_bx         0x00000000        0x0 linker stubs

.iplt           0x00000080        0x0
 .iplt          0x00000000        0x0 startup.o

.rel.dyn        0x00000080        0x0
 .rel.iplt      0x00000000        0x0 startup.o

.data           0x00000080       0x64
 *(.data)
 .data          0x00000080        0x0 startup.o
 .data          0x00000080       0x64 main.o
                0x00000080                string_buffer
 .data          0x000000e4        0x0 uart.o

.igot.plt       0x000000e4        0x0
 .igot.plt      0x00000000        0x0 startup.o

.rodata_omar
 *(.rodata)

.bss            0x000000e4        0x0
 *(.bss)
 .bss           0x000000e4        0x0 startup.o
 .bss           0x000000e4        0x0 main.o
 .bss           0x000000e4        0x0 uart.o
 *(COMMON)
                0x000010e4                . = (. + 0x1000)
                0x000010e4                stack_top = .
LOAD main.o
LOAD startup.o
LOAD uart.o
OUTPUT(learn-in-depth.elf elf32-littlearm)

.ARM.attributes
                0x00000000       0x2c
 .ARM.attributes
                0x00000000       0x14 startup.o
 .ARM.attributes
                0x00000014       0x30 main.o
 .ARM.attributes
                0x00000044       0x30 uart.o

.comment        0x00000000       0x11
 .comment       0x00000000       0x11 main.o
                                 0x12 (size before relaxing)
 .comment       0x00000000       0x12 uart.o
